
> purple-catering@0.1.0 dev
> next dev

▲ Next.js 16.3.3 (Turbopack)
- Local:         http://localhost:57337
- Network:       http://192.168.8.168:57337
✓ Ready in 1976ms
✓ Running next.config.ts took 117ms

○ Compiling / ...
 GET / 200 in 15.4s (next.js: 13.7s, application-code: 1763ms)
 GET /menu 200 in 2.1s (next.js: 1788ms, application-code: 358ms)
 GET / 200 in 746ms (next.js: 73ms, application-code: 673ms)
 GET / 200 in 286ms (next.js: 53ms, application-code: 233ms)
 GET / 200 in 402ms (next.js: 46ms, application-code: 356ms)
 GET /menu 200 in 452ms (next.js: 35ms, application-code: 417ms)
 GET / 200 in 149ms (next.js: 12ms, application-code: 137ms)
○ Compiling /_error ...
 GET /_next/image?url=https%3A%2F%2Fimages.unsplash.com%2Fphoto-1551024601-bec78aea704b%3Fw%3D900%26h%3D600%26fit%3Dcrop%26crop%3Dcenter&w=256&q=75 500 in 3.4s (next.js: 3.2s, application-code: 164ms)
 GET /_next/image?url=https%3A%2F%2Fimages.unsplash.com%2Fphoto-1551024601-bec78aea704b%3Fw%3D900%26h%3D600%26fit%3Dcrop%26crop%3Dcenter&w=256&q=75 500 in 3.4s (next.js: 3.2s, application-code: 165ms)
 GET /_next/image?url=https%3A%2F%2Fimages.unsplash.com%2Fphoto-1604908176997-125f25cc6f3d%3Fw%3D500%26h%3D500%26fit%3Dcrop%26crop%3Dcenter&w=256&q=75 500 in 5.2s (next.js: 5.2s, application-code: 87ms)
 GET /_next/image?url=https%3A%2F%2Fimages.unsplash.com%2Fphoto-1604908176997-125f25cc6f3d%3Fw%3D500%26h%3D500%26fit%3Dcrop%26crop%3Dcenter&w=256&q=75 500 in 5.2s (next.js: 5.2s, application-code: 89ms)
✓ Compiled in 1053ms
 GET / 200 in 276ms (next.js: 96ms, application-code: 180ms)
 GET /menu 200 in 655ms (next.js: 148ms, application-code: 507ms)
 GET / 200 in 50ms (next.js: 13ms, application-code: 37ms)
 GET /menu 200 in 175ms (next.js: 13ms, application-code: 163ms)
 GET / 200 in 364ms (next.js: 18ms, application-code: 347ms)
✓ Compiled in 265ms
 GET / 200 in 176ms (next.js: 42ms, application-code: 134ms)
 GET /_next/image?url=https%3A%2F%2Fimages.unsplash.com%2Fphoto-1600565193348-f74bd3c7ccdf%3Fw%3D500%26h%3D500%26fit%3Dcrop%26crop%3Dcenter&w=256&q=75 500 in 775ms (next.js: 729ms, application-code: 46ms)
 GET /_next/image?url=https%3A%2F%2Fimages.unsplash.com%2Fphoto-1600565193348-f74bd3c7ccdf%3Fw%3D500%26h%3D500%26fit%3Dcrop%26crop%3Dcenter&w=256&q=75 500 in 777ms (next.js: 729ms, application-code: 48ms)
 GET / 200 in 251ms (next.js: 17ms, application-code: 234ms)
 GET / 200 in 30ms (next.js: 18ms, application-code: 12ms)
 GET /menu 200 in 84ms (next.js: 41ms, application-code: 44ms)
 GET / 200 in 191ms (next.js: 13ms, application-code: 178ms)
✓ Compiled in 458ms
 GET / 200 in 198ms (next.js: 77ms, application-code: 121ms)
 GET / 200 in 176ms (next.js: 25ms, application-code: 151ms)
✓ Compiled in 150ms
 GET / 200 in 118ms (next.js: 57ms, application-code: 61ms)
 GET / 200 in 184ms (next.js: 12ms, application-code: 171ms)
 GET /menu 200 in 97ms (next.js: 50ms, application-code: 47ms)
 GET / 200 in 122ms (next.js: 15ms, application-code: 107ms)
✓ Compiled in 536ms
✓ Compiled in 1288ms
 GET / 200 in 145ms (next.js: 26ms, application-code: 119ms)
 GET / 200 in 145ms (next.js: 34ms, application-code: 111ms)
 GET /menu 200 in 189ms (next.js: 46ms, application-code: 143ms)
 GET / 200 in 299ms (next.js: 26ms, application-code: 273ms)
 GET / 200 in 53ms (next.js: 17ms, application-code: 36ms)
✓ Compiled in 199ms
 GET / 200 in 141ms (next.js: 30ms, application-code: 111ms)
 GET / 200 in 178ms (next.js: 17ms, application-code: 161ms)
 GET / 200 in 47ms (next.js: 30ms, application-code: 17ms)
 GET / 200 in 198ms (next.js: 23ms, application-code: 176ms)
 GET / 200 in 126ms (next.js: 27ms, application-code: 99ms)
 GET / 200 in 145ms (next.js: 36ms, application-code: 109ms)
 GET /_next/image?url=https%3A%2F%2Fimages.unsplash.com%2Fphoto-1504674900247-0877df9cc836%3Fw%3D800%26h%3D1000%26fit%3Dcrop%26crop%3Dcenter&w=384&q=75 500 in 7.3s (next.js: 7.2s, application-code: 46ms)
 GET /_next/image?url=https%3A%2F%2Fimages.unsplash.com%2Fphoto-1504674900247-0877df9cc836%3Fw%3D800%26h%3D1000%26fit%3Dcrop%26crop%3Dcenter&w=384&q=75 500 in 7.3s (next.js: 7.2s, application-code: 47ms)
 GET /menu 200 in 158ms (next.js: 39ms, application-code: 119ms)
 GET /_next/image?url=https%3A%2F%2Fimages.unsplash.com%2Fphoto-1504674900247-0877df9cc836%3Fw%3D800%26h%3D1000%26fit%3Dcrop%26crop%3Dcenter&w=384&q=75 500 in 2.2s (next.js: 2.2s, application-code: 21ms)
 GET /_next/image?url=https%3A%2F%2Fimages.unsplash.com%2Fphoto-1504674900247-0877df9cc836%3Fw%3D800%26h%3D1000%26fit%3Dcrop%26crop%3Dcenter&w=384&q=75 500 in 2.2s (next.js: 2.2s, application-code: 22ms)
 GET / 200 in 212ms (next.js: 56ms, application-code: 156ms)
▲ Next.js 16.3.3 (Turbopack)
- Local:         http://localhost:57337
- Network:       http://192.168.8.168:57337
✓ Ready in 1092ms
✓ Running next.config.ts took 117ms

 GET / 200 in 1600ms (next.js: 1048ms, application-code: 552ms)
 GET / 200 in 213ms (next.js: 31ms, application-code: 182ms)
 GET / 200 in 196ms (next.js: 15ms, application-code: 181ms)
 GET / 200 in 212ms (next.js: 30ms, application-code: 182ms)
 GET / 200 in 57ms (next.js: 21ms, application-code: 37ms)
✓ Compiled in 357ms
 GET / 200 in 309ms (next.js: 64ms, application-code: 245ms)
 GET / 200 in 204ms (next.js: 21ms, application-code: 182ms)
 GET / 200 in 219ms (next.js: 16ms, application-code: 204ms)
✓ Compiled in 324ms
 GET / 200 in 386ms (next.js: 62ms, application-code: 324ms)
 GET / 200 in 204ms (next.js: 47ms, application-code: 158ms)
 GET / 200 in 268ms (next.js: 26ms, application-code: 242ms)
 GET / 200 in 328ms (next.js: 30ms, application-code: 298ms)
✓ Compiled in 500ms
 GET / 200 in 264ms (next.js: 73ms, application-code: 191ms)
 GET / 200 in 183ms (next.js: 18ms, application-code: 165ms)
 GET / 200 in 233ms (next.js: 24ms, application-code: 208ms)
 GET / 200 in 579ms (next.js: 23ms, application-code: 555ms)
✓ Compiled in 800ms
 GET / 200 in 504ms (next.js: 85ms, application-code: 419ms)
 GET / 200 in 253ms (next.js: 35ms, application-code: 218ms)
 GET / 200 in 302ms (next.js: 23ms, application-code: 280ms)
✓ Compiled in 893ms
 GET / 200 in 734ms (next.js: 127ms, application-code: 607ms)
 GET / 200 in 471ms (next.js: 37ms, application-code: 434ms)
 GET / 200 in 429ms (next.js: 31ms, application-code: 398ms)
✓ Compiled in 333ms
 GET / 200 in 431ms (next.js: 69ms, application-code: 362ms)
 GET / 200 in 251ms (next.js: 25ms, application-code: 225ms)
 GET / 200 in 272ms (next.js: 23ms, application-code: 249ms)
 GET / 200 in 403ms (next.js: 46ms, application-code: 357ms)
✓ Compiled in 525ms
✓ Compiled in 222ms
 GET / 200 in 868ms (next.js: 277ms, application-code: 591ms)
 GET / 200 in 825ms (next.js: 403ms, application-code: 423ms)
 GET / 200 in 289ms (next.js: 111ms, application-code: 178ms)
 GET / 200 in 288ms (next.js: 183ms, application-code: 105ms)
 GET / 200 in 274ms (next.js: 19ms, application-code: 255ms)
✓ Compiled in 1567ms
 GET / 200 in 704ms (next.js: 111ms, application-code: 593ms)
 GET / 200 in 705ms (next.js: 258ms, application-code: 447ms)
 GET / 200 in 270ms (next.js: 51ms, application-code: 219ms)
 GET / 200 in 295ms (next.js: 35ms, application-code: 260ms)
 GET / 200 in 301ms (next.js: 20ms, application-code: 281ms)
✓ Compiled in 363ms
✓ Compiled in 345ms
 GET / 200 in 1485ms (next.js: 528ms, application-code: 957ms)
 GET / 200 in 1477ms (next.js: 384ms, application-code: 1093ms)
 GET / 200 in 1445ms (next.js: 588ms, application-code: 857ms)
 GET / 200 in 591ms (next.js: 305ms, application-code: 286ms)
 GET / 200 in 590ms (next.js: 383ms, application-code: 207ms)
 GET / 200 in 606ms (next.js: 173ms, application-code: 433ms)
✓ Compiled in 468ms
 GET / 200 in 650ms (next.js: 127ms, application-code: 523ms)
 GET / 200 in 681ms (next.js: 249ms, application-code: 431ms)
 GET / 200 in 322ms (next.js: 34ms, application-code: 288ms)
 GET / 200 in 375ms (next.js: 29ms, application-code: 346ms)
✓ Compiled in 327ms
 GET / 200 in 687ms (next.js: 156ms, application-code: 531ms)
 GET / 200 in 343ms (next.js: 180ms, application-code: 162ms)
 GET / 200 in 349ms (next.js: 72ms, application-code: 278ms)
 GET / 200 in 372ms (next.js: 16ms, application-code: 356ms)
 GET / 200 in 181ms (next.js: 14ms, application-code: 167ms)
✓ Compiled in 342ms
 GET / 200 in 108ms (next.js: 28ms, application-code: 80ms)
 GET / 200 in 150ms (next.js: 16ms, application-code: 134ms)
✓ Compiled in 107ms
 GET / 200 in 100ms (next.js: 38ms, application-code: 62ms)
 GET / 200 in 141ms (next.js: 12ms, application-code: 129ms)
 GET / 200 in 165ms (next.js: 14ms, application-code: 150ms)
✓ Compiled in 194ms
 GET / 200 in 106ms (next.js: 35ms, application-code: 71ms)
 GET / 200 in 73ms (next.js: 13ms, application-code: 60ms)
 GET / 200 in 155ms (next.js: 13ms, application-code: 142ms)
 GET / 200 in 199ms (next.js: 22ms, application-code: 177ms)
 GET / 200 in 166ms (next.js: 23ms, application-code: 143ms)
✓ Compiled in 281ms
 GET / 200 in 120ms (next.js: 28ms, application-code: 92ms)
 GET / 200 in 160ms (next.js: 30ms, application-code: 130ms)
✓ Compiled in 159ms
 GET / 200 in 90ms (next.js: 28ms, application-code: 62ms)
 GET / 200 in 150ms (next.js: 12ms, application-code: 138ms)
 GET / 200 in 186ms (next.js: 20ms, application-code: 167ms)
 GET / 200 in 202ms (next.js: 16ms, application-code: 186ms)
 GET / 200 in 211ms (next.js: 32ms, application-code: 180ms)
✓ Compiled in 197ms
✓ Compiled in 149ms
 GET / 200 in 138ms (next.js: 75ms, application-code: 62ms)
 GET / 200 in 86ms (next.js: 15ms, application-code: 71ms)
 GET / 200 in 101ms (next.js: 15ms, application-code: 85ms)
 GET / 200 in 75ms (next.js: 17ms, application-code: 58ms)
 GET / 200 in 194ms (next.js: 10ms, application-code: 184ms)
✓ Compiled in 84ms
✓ Compiled in 125ms
 GET / 200 in 147ms (next.js: 19ms, application-code: 128ms)
 GET / 200 in 84ms (next.js: 31ms, application-code: 53ms)
✓ Compiled in 256ms
 GET / 200 in 71ms (next.js: 23ms, application-code: 48ms)
✓ Compiled in 182ms
 GET / 200 in 60ms (next.js: 14ms, application-code: 46ms)
 GET / 200 in 177ms (next.js: 9ms, application-code: 167ms)
 GET / 200 in 865ms (next.js: 341ms, application-code: 524ms)
 GET / 200 in 485ms (next.js: 92ms, application-code: 393ms)
 GET / 200 in 490ms (next.js: 35ms, application-code: 455ms)
 GET / 200 in 432ms (next.js: 14ms, application-code: 417ms)
 GET / 200 in 423ms (next.js: 64ms, application-code: 360ms)
 GET / 200 in 379ms (next.js: 24ms, application-code: 355ms)
 GET / 200 in 378ms (next.js: 50ms, application-code: 328ms)
 GET / 200 in 390ms (next.js: 20ms, application-code: 370ms)
 GET / 200 in 414ms (next.js: 47ms, application-code: 367ms)
 GET / 200 in 331ms (next.js: 16ms, application-code: 315ms)
 GET / 200 in 374ms (next.js: 46ms, application-code: 328ms)
 GET / 200 in 348ms (next.js: 11ms, application-code: 337ms)
 GET / 200 in 406ms (next.js: 31ms, application-code: 375ms)
 GET / 200 in 359ms (next.js: 15ms, application-code: 344ms)
 GET / 200 in 389ms (next.js: 47ms, application-code: 342ms)
 GET / 200 in 376ms (next.js: 13ms, application-code: 363ms)
 GET / 200 in 412ms (next.js: 36ms, application-code: 376ms)
 GET / 200 in 397ms (next.js: 13ms, application-code: 384ms)
 GET / 200 in 402ms (next.js: 51ms, application-code: 351ms)
 GET / 200 in 417ms (next.js: 12ms, application-code: 405ms)
 GET / 200 in 421ms (next.js: 45ms, application-code: 375ms)
 GET / 200 in 442ms (next.js: 14ms, application-code: 428ms)
 GET / 200 in 478ms (next.js: 45ms, application-code: 433ms)
 GET / 200 in 419ms (next.js: 18ms, application-code: 401ms)
 GET / 200 in 420ms (next.js: 48ms, application-code: 372ms)
 GET / 200 in 401ms (next.js: 23ms, application-code: 378ms)
 GET / 200 in 399ms (next.js: 64ms, application-code: 334ms)
 GET / 200 in 343ms (next.js: 58ms, application-code: 285ms)
 GET / 200 in 346ms (next.js: 30ms, application-code: 316ms)
 GET / 200 in 317ms (next.js: 22ms, application-code: 295ms)
 GET / 200 in 316ms (next.js: 47ms, application-code: 269ms)
 GET / 200 in 324ms (next.js: 15ms, application-code: 309ms)
 GET / 200 in 322ms (next.js: 36ms, application-code: 286ms)
 GET / 200 in 328ms (next.js: 14ms, application-code: 314ms)
 GET / 200 in 322ms (next.js: 37ms, application-code: 285ms)
 GET / 200 in 333ms (next.js: 14ms, application-code: 319ms)
 GET / 200 in 333ms (next.js: 34ms, application-code: 300ms)
 GET / 200 in 350ms (next.js: 14ms, application-code: 336ms)
 GET / 200 in 348ms (next.js: 48ms, application-code: 300ms)
 GET / 200 in 302ms (next.js: 13ms, application-code: 289ms)
 GET / 200 in 270ms (next.js: 12ms, application-code: 258ms)
 GET / 200 in 235ms (next.js: 13ms, application-code: 222ms)
 GET / 200 in 226ms (next.js: 39ms, application-code: 187ms)
 GET / 200 in 161ms (next.js: 19ms, application-code: 142ms)
 GET / 200 in 148ms (next.js: 42ms, application-code: 106ms)
 GET / 200 in 68ms (next.js: 16ms, application-code: 53ms)
▲ Next.js 16.3.3 (Turbopack)
- Local:         http://localhost:57337
- Network:       http://192.168.8.168:57337
✓ Ready in 1020ms
✓ Running next.config.ts took 87ms

 GET / 200 in 1934ms (next.js: 1322ms, application-code: 611ms)
 GET / 200 in 1963ms (next.js: 1379ms, application-code: 584ms)
 GET / 200 in 77ms (next.js: 10ms, application-code: 67ms)
 GET /robots.txt 200 in 1017ms (next.js: 955ms, application-code: 62ms)
 GET /sitemap.xml 200 in 327ms (next.js: 313ms, application-code: 15ms)
 GET / 200 in 228ms (next.js: 17ms, application-code: 211ms)
 GET /menu 200 in 349ms (next.js: 167ms, application-code: 182ms)
 GET /opengraph-image 200 in 1601ms (next.js: 554ms, application-code: 1047ms)
 GET /halaman-tidak-ada 404 in 950ms (next.js: 850ms, application-code: 100ms)
 GET /halaman-tidak-ada 404 in 108ms (next.js: 19ms, application-code: 90ms)
 GET / 200 in 176ms (next.js: 18ms, application-code: 158ms)
 GET / 200 in 205ms (next.js: 39ms, application-code: 167ms)
 GET / 200 in 89ms (next.js: 15ms, application-code: 75ms)
 GET / 200 in 170ms (next.js: 26ms, application-code: 144ms)
✓ Compiled in 447ms
 GET / 200 in 770ms (next.js: 310ms, application-code: 460ms)
 GET / 200 in 393ms (next.js: 19ms, application-code: 373ms)
 GET / 200 in 378ms (next.js: 21ms, application-code: 356ms)
 GET / 200 in 364ms (next.js: 24ms, application-code: 340ms)
 GET / 200 in 367ms (next.js: 15ms, application-code: 351ms)
 GET / 200 in 394ms (next.js: 20ms, application-code: 374ms)
 GET / 200 in 418ms (next.js: 23ms, application-code: 395ms)
 GET / 200 in 436ms (next.js: 20ms, application-code: 416ms)
 GET / 200 in 425ms (next.js: 17ms, application-code: 409ms)
 GET / 200 in 415ms (next.js: 26ms, application-code: 390ms)
 GET / 200 in 416ms (next.js: 20ms, application-code: 396ms)
 GET / 200 in 386ms (next.js: 18ms, application-code: 368ms)
 GET / 200 in 417ms (next.js: 21ms, application-code: 396ms)
 GET / 200 in 420ms (next.js: 21ms, application-code: 400ms)
 GET / 200 in 461ms (next.js: 21ms, application-code: 440ms)
 GET / 200 in 437ms (next.js: 29ms, application-code: 407ms)
 GET / 200 in 324ms (next.js: 22ms, application-code: 302ms)
 GET / 200 in 225ms (next.js: 25ms, application-code: 200ms)
 GET / 200 in 76ms (next.js: 15ms, application-code: 62ms)
✓ Compiled in 281ms
 GET / 200 in 614ms (next.js: 213ms, application-code: 401ms)
 GET / 200 in 350ms (next.js: 20ms, application-code: 330ms)
 GET / 200 in 355ms (next.js: 16ms, application-code: 338ms)
 GET / 200 in 350ms (next.js: 16ms, application-code: 334ms)
 GET / 200 in 386ms (next.js: 16ms, application-code: 370ms)
 GET / 200 in 377ms (next.js: 20ms, application-code: 357ms)
 GET / 200 in 369ms (next.js: 24ms, application-code: 345ms)
 GET / 200 in 358ms (next.js: 17ms, application-code: 341ms)
 GET / 200 in 352ms (next.js: 23ms, application-code: 329ms)
 GET / 200 in 364ms (next.js: 18ms, application-code: 346ms)
 GET / 200 in 359ms (next.js: 17ms, application-code: 342ms)
 GET / 200 in 380ms (next.js: 16ms, application-code: 364ms)
 GET / 200 in 416ms (next.js: 20ms, application-code: 396ms)
 GET / 200 in 450ms (next.js: 18ms, application-code: 432ms)
 GET / 200 in 451ms (next.js: 32ms, application-code: 420ms)
 GET / 200 in 439ms (next.js: 23ms, application-code: 417ms)
 GET / 200 in 402ms (next.js: 21ms, application-code: 382ms)
 GET / 200 in 300ms (next.js: 31ms, application-code: 269ms)
 GET / 200 in 210ms (next.js: 20ms, application-code: 191ms)
 GET / 200 in 123ms (next.js: 24ms, application-code: 99ms)
▲ Next.js 16.3.3 (Turbopack)
- Local:         http://localhost:57337
- Network:       http://192.168.8.168:57337
✓ Ready in 992ms
✓ Running next.config.ts took 119ms

 GET / 200 in 1813ms (next.js: 991ms, application-code: 822ms)
 GET / 200 in 129ms (next.js: 39ms, application-code: 89ms)
 GET /acara 200 in 951ms (next.js: 778ms, application-code: 173ms)
 GET /acara/pernikahan 200 in 1540ms (next.js: 574ms, generate-params: 760ms, application-code: 206ms)
 GET /kebijakan-privasi 200 in 568ms (next.js: 441ms, application-code: 127ms)
 GET /acara 200 in 138ms (next.js: 21ms, application-code: 117ms)
 GET /acara/pernikahan 200 in 190ms (next.js: 14ms, generate-params: 13ms, application-code: 163ms)
 GET /acara/kantor 200 in 184ms (next.js: 12ms, generate-params: 0.1ms, application-code: 171ms)
 GET /acara/syukuran 200 in 203ms (next.js: 15ms, generate-params: 0.1ms, application-code: 188ms)
 GET /kebijakan-privasi 200 in 160ms (next.js: 13ms, application-code: 147ms)
 GET /acara/pernikahan 200 in 198ms (next.js: 22ms, generate-params: 12ms, application-code: 164ms)
 GET /sitemap.xml 200 in 210ms (next.js: 147ms, application-code: 62ms)
 GET / 200 in 112ms (next.js: 35ms, application-code: 77ms)
 GET / 200 in 167ms (next.js: 14ms, application-code: 153ms)
 GET / 200 in 165ms (next.js: 14ms, application-code: 151ms)
 GET /acara/pernikahan 200 in 219ms (next.js: 32ms, generate-params: 16ms, application-code: 171ms)
 GET /acara/pernikahan 200 in 203ms (next.js: 21ms, generate-params: 16ms, application-code: 165ms)
 GET / 200 in 253ms (next.js: 33ms, application-code: 220ms)
 GET / 200 in 170ms (next.js: 34ms, application-code: 136ms)
 GET /acara/pernikahan 200 in 512ms (next.js: 20ms, generate-params: 18ms, application-code: 473ms)
 GET / 200 in 383ms (next.js: 39ms, application-code: 344ms)
 GET /acara 200 in 59ms (next.js: 31ms, application-code: 28ms)
 GET /acara/pernikahan 200 in 77ms (next.js: 14ms, generate-params: 9ms, application-code: 53ms)
 GET /menu 200 in 145ms (next.js: 105ms, application-code: 40ms)
 GET /menu 200 in 246ms (next.js: 30ms, application-code: 217ms)
 GET /menu 200 in 44ms (next.js: 17ms, application-code: 27ms)
 GET /menu 200 in 78ms (next.js: 20ms, application-code: 58ms)
 GET / 200 in 69ms (next.js: 13ms, application-code: 55ms)
 GET /menu 200 in 82ms (next.js: 21ms, application-code: 61ms)
 GET /menu 200 in 40ms (next.js: 19ms, application-code: 21ms)
 GET /menu 200 in 81ms (next.js: 20ms, application-code: 61ms)
 GET /menu 200 in 42ms (next.js: 16ms, application-code: 26ms)
 GET /menu 200 in 66ms (next.js: 16ms, application-code: 50ms)
 GET / 200 in 88ms (next.js: 20ms, application-code: 67ms)
 GET /menu 200 in 114ms (next.js: 32ms, application-code: 82ms)
 GET / 200 in 70ms (next.js: 18ms, application-code: 53ms)
 GET /menu 200 in 77ms (next.js: 16ms, application-code: 61ms)
 GET / 200 in 76ms (next.js: 19ms, application-code: 58ms)
 GET / 200 in 661ms (next.js: 146ms, application-code: 515ms)
