[browser] Image with src "/menu/page-10-img-5.png" was detected as the Largest Contentful Paint (LCP). Please add the `loading="eager"` property if this image is above the fold.
Read more: https://nextjs.org/docs/app/api-reference/components/image#loading
[TypeError: fetch failed] {
  [cause]: AggregateError: 
      at ignore-listed frames {
    code: 'ETIMEDOUT',
    [errors]: [ [Error], [Error], [Error], [Error], [Error] ]
  }
}
⨯ upstream image response failed for https://images.unsplash.com/photo-1577219491135-ce3957364262?w=500&h=500&fit=crop&crop=center 404
[TypeError: fetch failed] {
  [cause]: AggregateError: 
      at ignore-listed frames {
    code: 'ETIMEDOUT',
    [errors]: [ [Error], [Error], [Error], [Error], [Error] ]
  }
}
⨯ upstream image response failed for https://images.unsplash.com/photo-1577219491135-ce3957364262?w=500&h=500&fit=crop&crop=center 404
⨯ upstream image response failed for https://images.unsplash.com/photo-1577219491135-ce3957364262?w=500 404
[TypeError: fetch failed] {
  [cause]: AggregateError: 
      at ignore-listed frames {
    code: 'ETIMEDOUT',
    [errors]: [ [Error], [Error], [Error], [Error], [Error] ]
  }
}
[browser] Image with src "/menu/pages/page-02.png" was detected as the Largest Contentful Paint (LCP). Please add the `loading="eager"` property if this image is above the fold.
Read more: https://nextjs.org/docs/app/api-reference/components/image#loading
Error [TimeoutError]: The operation was aborted due to timeout
    at ignore-listed frames {
  code: 23,
  INDEX_SIZE_ERR: 1,
  DOMSTRING_SIZE_ERR: 2,
  HIERARCHY_REQUEST_ERR: 3,
  WRONG_DOCUMENT_ERR: 4,
  INVALID_CHARACTER_ERR: 5,
  NO_DATA_ALLOWED_ERR: 6,
  NO_MODIFICATION_ALLOWED_ERR: 7,
  NOT_FOUND_ERR: 8,
  NOT_SUPPORTED_ERR: 9,
  INUSE_ATTRIBUTE_ERR: 10,
  INVALID_STATE_ERR: 11,
  SYNTAX_ERR: 12,
  INVALID_MODIFICATION_ERR: 13,
  NAMESPACE_ERR: 14,
  INVALID_ACCESS_ERR: 15,
  VALIDATION_ERR: 16,
  TYPE_MISMATCH_ERR: 17,
  SECURITY_ERR: 18,
  NETWORK_ERR: 19,
  ABORT_ERR: 20,
  URL_MISMATCH_ERR: 21,
  QUOTA_EXCEEDED_ERR: 22,
  TIMEOUT_ERR: 23,
  INVALID_NODE_TYPE_ERR: 24,
  DATA_CLONE_ERR: 25
}
[TypeError: fetch failed] {
  [cause]: AggregateError: 
      at ignore-listed frames {
    code: 'ETIMEDOUT',
    [errors]: [
      [Error], [Error],
      [Error], [Error],
      [Error], [Error],
      [Error], [Error]
    ]
  }
}
⚠ Found a change in next.config.ts. Restarting the server to apply the changes...
[browser] Image with src "/menu/page-10-img-1.png" was detected as the Largest Contentful Paint (LCP). Please add the `loading="eager"` property if this image is above the fold.
Read more: https://nextjs.org/docs/app/api-reference/components/image#loading
[browser] Image with src "/menu/page-10-img-1.png" was detected as the Largest Contentful Paint (LCP). Please add the `loading="eager"` property if this image is above the fold.
Read more: https://nextjs.org/docs/app/api-reference/components/image#loading
[browser] Image with src "/menu/page-10-img-1.png" was detected as the Largest Contentful Paint (LCP). Please add the `loading="eager"` property if this image is above the fold.
Read more: https://nextjs.org/docs/app/api-reference/components/image#loading
[browser] Image with src "/menu/page-10-img-1.png" was detected as the Largest Contentful Paint (LCP). Please add the `loading="eager"` property if this image is above the fold.
Read more: https://nextjs.org/docs/app/api-reference/components/image#loading
[browser] Image with src "/menu/page-10-img-1.png" was detected as the Largest Contentful Paint (LCP). Please add the `loading="eager"` property if this image is above the fold.
Read more: https://nextjs.org/docs/app/api-reference/components/image#loading
[browser] Image with src "/menu/page-10-img-1.png" was detected as the Largest Contentful Paint (LCP). Please add the `loading="eager"` property if this image is above the fold.
Read more: https://nextjs.org/docs/app/api-reference/components/image#loading
[browser] Image with src "/menu/page-10-img-1.png" was detected as the Largest Contentful Paint (LCP). Please add the `loading="eager"` property if this image is above the fold.
Read more: https://nextjs.org/docs/app/api-reference/components/image#loading
[browser] Image with src "/menu/page-10-img-1.png" was detected as the Largest Contentful Paint (LCP). Please add the `loading="eager"` property if this image is above the fold.
Read more: https://nextjs.org/docs/app/api-reference/components/image#loading
[browser] Image with src "/menu/page-10-img-1.png" was detected as the Largest Contentful Paint (LCP). Please add the `loading="eager"` property if this image is above the fold.
Read more: https://nextjs.org/docs/app/api-reference/components/image#loading
[browser] Image with src "/menu/page-10-img-1.png" was detected as the Largest Contentful Paint (LCP). Please add the `loading="eager"` property if this image is above the fold.
Read more: https://nextjs.org/docs/app/api-reference/components/image#loading
[browser] Image with src "/menu/page-10-img-1.png" was detected as the Largest Contentful Paint (LCP). Please add the `loading="eager"` property if this image is above the fold.
Read more: https://nextjs.org/docs/app/api-reference/components/image#loading
⚠ Found a change in next.config.ts. Restarting the server to apply the changes...
[browser] Image with src "/menu/page-10-img-3.png" was detected as the Largest Contentful Paint (LCP). Please add the `loading="eager"` property if this image is above the fold.
Read more: https://nextjs.org/docs/app/api-reference/components/image#loading
[browser] Image with src "/menu/page-10-img-1.png" was detected as the Largest Contentful Paint (LCP). Please add the `loading="eager"` property if this image is above the fold.
Read more: https://nextjs.org/docs/app/api-reference/components/image#loading
⚠ Found a change in next.config.ts. Restarting the server to apply the changes...
[browser] Image with src "/menu/page-10-img-3.png" was detected as the Largest Contentful Paint (LCP). Please add the `loading="eager"` property if this image is above the fold.
Read more: https://nextjs.org/docs/app/api-reference/components/image#loading
⨯ ./app/favicon.ico
Error: Processing image failed
unable to decode image data

Caused by:
- Format error decoding Ico: The PNG is not in RGBA format!
- The PNG is not in RGBA format!


[browser] Uncaught Error: ./app/favicon.ico
Error: Processing image failed
unable to decode image data

Caused by:
- Format error decoding Ico: The PNG is not in RGBA format!
- The PNG is not in RGBA format!


[browser] ./app/favicon.ico
Error: Processing image failed
unable to decode image data

Caused by:
- Format error decoding Ico: The PNG is not in RGBA format!
- The PNG is not in RGBA format! 
[browser] ./app/favicon.ico
Error: Processing image failed
unable to decode image data

Caused by:
- Format error decoding Ico: The PNG is not in RGBA format!
- The PNG is not in RGBA format! 
[browser] ./app/favicon.ico
Error: Processing image failed
unable to decode image data

Caused by:
- Format error decoding Ico: The PNG is not in RGBA format!
- The PNG is not in RGBA format! 
[browser] ./app/favicon.ico
Error: Processing image failed
unable to decode image data

Caused by:
- Format error decoding Ico: The PNG is not in RGBA format!
- The PNG is not in RGBA format! 
[browser] ./app/favicon.ico
Error: Processing image failed
unable to decode image data

Caused by:
- Format error decoding Ico: The PNG is not in RGBA format!
- The PNG is not in RGBA format! 
[browser] ./app/favicon.ico
Error: Processing image failed
unable to decode image data

Caused by:
- Format error decoding Ico: The PNG is not in RGBA format!
- The PNG is not in RGBA format! 
⨯ ./app/favicon.ico
Error: Processing image failed
unable to decode image data

Caused by:
- Format error decoding Ico: The PNG is not in RGBA format!
- The PNG is not in RGBA format!


[browser] Uncaught Error: ./app/favicon.ico
Error: Processing image failed
unable to decode image data

Caused by:
- Format error decoding Ico: The PNG is not in RGBA format!
- The PNG is not in RGBA format!


[browser] ./app/favicon.ico
Error: Processing image failed
unable to decode image data

Caused by:
- Format error decoding Ico: The PNG is not in RGBA format!
- The PNG is not in RGBA format! 
[browser] ./app/favicon.ico
Error: Processing image failed
unable to decode image data

Caused by:
- Format error decoding Ico: The PNG is not in RGBA format!
- The PNG is not in RGBA format! 
[browser] ./app/favicon.ico
Error: Processing image failed
unable to decode image data

Caused by:
- Format error decoding Ico: The PNG is not in RGBA format!
- The PNG is not in RGBA format! 
[browser] ./app/favicon.ico
Error: Processing image failed
unable to decode image data

Caused by:
- Format error decoding Ico: The PNG is not in RGBA format!
- The PNG is not in RGBA format! 
[browser] ./app/favicon.ico
Error: Processing image failed
unable to decode image data

Caused by:
- Format error decoding Ico: The PNG is not in RGBA format!
- The PNG is not in RGBA format! 
[browser] ./app/favicon.ico
Error: Processing image failed
unable to decode image data

Caused by:
- Format error decoding Ico: The PNG is not in RGBA format!
- The PNG is not in RGBA format! 
⨯ ./app/favicon.ico
Error: Processing image failed
unable to decode image data

Caused by:
- Format error decoding Ico: The PNG is not in RGBA format!
- The PNG is not in RGBA format!


[browser] Uncaught Error: ./app/favicon.ico
Error: Processing image failed
unable to decode image data

Caused by:
- Format error decoding Ico: The PNG is not in RGBA format!
- The PNG is not in RGBA format!


[browser] ./app/favicon.ico
Error: Processing image failed
unable to decode image data

Caused by:
- Format error decoding Ico: The PNG is not in RGBA format!
- The PNG is not in RGBA format! 
[browser] ./app/favicon.ico
Error: Processing image failed
unable to decode image data

Caused by:
- Format error decoding Ico: The PNG is not in RGBA format!
- The PNG is not in RGBA format! 
[browser] ./app/favicon.ico
Error: Processing image failed
unable to decode image data

Caused by:
- Format error decoding Ico: The PNG is not in RGBA format!
- The PNG is not in RGBA format! 
[browser] ./app/favicon.ico
Error: Processing image failed
unable to decode image data

Caused by:
- Format error decoding Ico: The PNG is not in RGBA format!
- The PNG is not in RGBA format! 
[browser] ./app/favicon.ico
Error: Processing image failed
unable to decode image data

Caused by:
- Format error decoding Ico: The PNG is not in RGBA format!
- The PNG is not in RGBA format! 
[browser] ./app/favicon.ico
Error: Processing image failed
unable to decode image data

Caused by:
- Format error decoding Ico: The PNG is not in RGBA format!
- The PNG is not in RGBA format! 
⨯ ./app/favicon.ico
Error: Processing image failed
unable to decode image data

Caused by:
- Format error decoding Ico: The PNG is not in RGBA format!
- The PNG is not in RGBA format!


[browser] ./app/favicon.ico
Error: Processing image failed
unable to decode image data

Caused by:
- Format error decoding Ico: The PNG is not in RGBA format!
- The PNG is not in RGBA format! 
[browser] ./app/favicon.ico
Error: Processing image failed
unable to decode image data

Caused by:
- Format error decoding Ico: The PNG is not in RGBA format!
- The PNG is not in RGBA format! 
